******************************************************************************
                  MSP430 Linker PC v18.12.1                    
******************************************************************************
>> Linked Sat Apr 27 16:50:24 2019

OUTPUT FILE NAME:   <last.out>
ENTRY POINT SYMBOL: "_c_int00_noargs"  address: 0000cc1e


MEMORY CONFIGURATION

         name            origin    length      used     unused   attr    fill
----------------------  --------  ---------  --------  --------  ----  --------
  SFR                   00000000   00000010  00000000  00000010  RWIX
  PERIPHERALS_8BIT      00000010   000000f0  00000000  000000f0  RWIX
  PERIPHERALS_16BIT     00000100   00000100  00000000  00000100  RWIX
  RAM                   00000200   00000200  00000070  00000190  RWIX
  INFOD                 00001000   00000040  00000000  00000040  RWIX
  INFOC                 00001040   00000040  00000000  00000040  RWIX
  INFOB                 00001080   00000040  00000000  00000040  RWIX
  INFOA                 000010c0   00000040  00000000  00000040  RWIX
  FLASH                 0000c000   00003fde  00000d48  00003296  RWIX
  BSLSIGNATURE          0000ffde   00000002  00000002  00000000  RWIX  ffff 
  INT00                 0000ffe0   00000002  00000002  00000000  RWIX
  INT01                 0000ffe2   00000002  00000000  00000002  RWIX
  INT02                 0000ffe4   00000002  00000002  00000000  RWIX
  INT03                 0000ffe6   00000002  00000002  00000000  RWIX
  INT04                 0000ffe8   00000002  00000000  00000002  RWIX
  INT05                 0000ffea   00000002  00000002  00000000  RWIX
  INT06                 0000ffec   00000002  00000002  00000000  RWIX
  INT07                 0000ffee   00000002  00000002  00000000  RWIX
  INT08                 0000fff0   00000002  00000002  00000000  RWIX
  INT09                 0000fff2   00000002  00000002  00000000  RWIX
  INT10                 0000fff4   00000002  00000002  00000000  RWIX
  INT11                 0000fff6   00000002  00000002  00000000  RWIX
  INT12                 0000fff8   00000002  00000002  00000000  RWIX
  INT13                 0000fffa   00000002  00000002  00000000  RWIX
  INT14                 0000fffc   00000002  00000002  00000000  RWIX
  RESET                 0000fffe   00000002  00000002  00000000  RWIX


SECTION ALLOCATION MAP

 output                                  attributes/
section   page    origin      length       input sections
--------  ----  ----------  ----------   ----------------
.bss       0    00000200    0000001e     UNINITIALIZED
                  00000200    0000000a     (.common:raw_data)
                  0000020a    00000008     (.common:baseCnt)
                  00000212    00000008     (.common:measCnt)
                  0000021a    00000002     (.common:keyPressed)
                  0000021c    00000002     (.common:position2)

.data      0    0000021e    00000002     UNINITIALIZED
                  0000021e    00000002     CTS_Layer.obj (.data)

.stack     0    000003b0    00000050     UNINITIALIZED
                  000003b0    00000002     rts430_eabi.lib : boot.c.obj (.stack)
                  000003b2    0000004e     --HOLE--

.text      0    0000c000    00000ce6     
                  0000c000    0000040c     CTS_Layer.obj (.text:TI_CAPT_Custom)
                  0000c40c    0000021a     main.obj (.text:main)
                  0000c626    000001be     CTS_Layer.obj (.text:TI_CAPT_Slider)
                  0000c7e4    00000134     CTS_HAL.obj (.text:TI_CTS_RO_PINOSC_TA0_WDTp_HAL)
                  0000c918    000000d0     CTS_Layer.obj (.text:Dominant_Element)
                  0000c9e8    0000007c     rts430_eabi.lib : copy_decompress_lzss.c.obj (.text:decompress:lzss:__TI_decompress_lzss)
                  0000ca64    00000062     CTS_Layer.obj (.text:TI_CAPT_Update_Baseline)
                  0000cac6    0000004c     rts430_eabi.lib : lsr16.asm.obj (.text)
                  0000cb12    00000046     main.obj (.text:printNumber)
                  0000cb58    00000042     rts430_eabi.lib : autoinit.c.obj (.text:__TI_auto_init_nobinit_nopinit:__TI_auto_init_nobinit_nopinit)
                  0000cb9a    00000038     CTS_Layer.obj (.text:TI_CAPT_Buttons)
                  0000cbd2    0000002c     rts430_eabi.lib : lsl16.asm.obj (.text)
                  0000cbfe    00000020     main.obj (.text:print)
                  0000cc1e    0000001c     rts430_eabi.lib : boot.c.obj (.text:_c_int00_noargs)
                  0000cc3a    00000016                     : div16u.asm.obj (.text)
                  0000cc50    00000014                     : copy_zero_init.c.obj (.text:decompress:ZI:__TI_zero_init_nomemset:__TI_zero_init_nomemset)
                  0000cc64    00000014                     : mult16.asm.obj (.text)
                  0000cc78    00000012                     : copy_decompress_none.c.obj (.text:decompress:none:__TI_decompress_none)
                  0000cc8a    00000012                     : memcpy.c.obj (.text:memcpy)
                  0000cc9c    00000010     CTS_Layer.obj (.text:TI_CAPT_Init_Baseline)
                  0000ccac    00000010     rts430_eabi.lib : epilog.asm.obj (.text)
                  0000ccbc    0000000e     CTS_Layer.obj (.text:TI_CAPT_Raw)
                  0000ccca    00000008     rts430_eabi.lib : isr_trap.asm.obj (.text:_isr:__TI_ISR_TRAP)
                  0000ccd2    00000008     CTS_HAL.obj (.text:watchdog_timer)
                  0000ccda    00000006     rts430_eabi.lib : exit.c.obj (.text:abort)
                  0000cce0    00000004                     : pre_init.c.obj (.text:_system_pre_init)
                  0000cce4    00000002                     : startup.c.obj (.text:_system_post_cinit)

.const     0    0000cce6    0000004a     
                  0000cce6    00000012     structure.obj (.const:one_button)
                  0000ccf8    00000010     main.obj (.const:.string)
                  0000cd08    0000000a     structure.obj (.const:left_element)
                  0000cd12    0000000a     structure.obj (.const:middle_element)
                  0000cd1c    0000000a     structure.obj (.const:right_element)
                  0000cd26    0000000a     structure.obj (.const:up_element)

.cinit     0    0000cd30    00000018     
                  0000cd30    00000006     (.cinit..data.load) [load image]
                  0000cd36    00000006     (__TI_handler_table)
                  0000cd3c    00000004     (.cinit..bss.load) [load image, compression = zero_init]
                  0000cd40    00000008     (__TI_cinit_table)

.binit     0    0000c000    00000000     

.init_array 
*          0    0000c000    00000000     UNINITIALIZED

TRAPINT    0    0000ffe0    00000002     
                  0000ffe0    00000002     rts430_eabi.lib : int00.asm.obj (.int00)

PORT1      0    0000ffe4    00000002     
                  0000ffe4    00000002     rts430_eabi.lib : int02.asm.obj (.int02)

PORT2      0    0000ffe6    00000002     
                  0000ffe6    00000002     rts430_eabi.lib : int03.asm.obj (.int03)

ADC10      0    0000ffea    00000002     
                  0000ffea    00000002     rts430_eabi.lib : int05.asm.obj (.int05)

USCIAB0TX 
*          0    0000ffec    00000002     
                  0000ffec    00000002     rts430_eabi.lib : int06.asm.obj (.int06)

USCIAB0RX 
*          0    0000ffee    00000002     
                  0000ffee    00000002     rts430_eabi.lib : int07.asm.obj (.int07)

TIMER0_A1 
*          0    0000fff0    00000002     
                  0000fff0    00000002     rts430_eabi.lib : int08.asm.obj (.int08)

TIMER0_A0 
*          0    0000fff2    00000002     
                  0000fff2    00000002     rts430_eabi.lib : int09.asm.obj (.int09)

WDT        0    0000fff4    00000002     
                  0000fff4    00000002     CTS_HAL.obj (.int10)

COMPARATORA 
*          0    0000fff6    00000002     
                  0000fff6    00000002     rts430_eabi.lib : int11.asm.obj (.int11)

TIMER1_A1 
*          0    0000fff8    00000002     
                  0000fff8    00000002     rts430_eabi.lib : int12.asm.obj (.int12)

TIMER1_A0 
*          0    0000fffa    00000002     
                  0000fffa    00000002     rts430_eabi.lib : int13.asm.obj (.int13)

NMI        0    0000fffc    00000002     
                  0000fffc    00000002     rts430_eabi.lib : int14.asm.obj (.int14)

.reset     0    0000fffe    00000002     
                  0000fffe    00000002     rts430_eabi.lib : boot.c.obj (.reset)

$fill000   0    0000ffde    00000002     
                  0000ffde    00000002     --HOLE-- [fill = ffff]

MODULE SUMMARY

       Module                       code   ro data   rw data
       ------                       ----   -------   -------
    .\
       CTS_Layer.obj                1874   0         18     
       main.obj                     640    16        14     
       CTS_HAL.obj                  316    2         0      
       structure.obj                0      58        0      
    +--+----------------------------+------+---------+---------+
       Total:                       2830   76        32     
                                                            
    C:\ti\ccs901\ccs\tools\compiler\ti-cgt-msp430_18.12.1.LTS\lib\rts430_eabi.lib
       copy_decompress_lzss.c.obj   124    0         0      
       lsr16.asm.obj                76     0         0      
       autoinit.c.obj               66     0         0      
       lsl16.asm.obj                44     0         0      
       boot.c.obj                   28     2         0      
       div16u.asm.obj               22     0         0      
       copy_zero_init.c.obj         20     0         0      
       mult16.asm.obj               20     0         0      
       copy_decompress_none.c.obj   18     0         0      
       memcpy.c.obj                 18     0         0      
       epilog.asm.obj               16     0         0      
       isr_trap.asm.obj             8      0         0      
       exit.c.obj                   6      0         0      
       pre_init.c.obj               4      0         0      
       int00.asm.obj                0      2         0      
       int02.asm.obj                0      2         0      
       int03.asm.obj                0      2         0      
       int05.asm.obj                0      2         0      
       int06.asm.obj                0      2         0      
       int07.asm.obj                0      2         0      
       int08.asm.obj                0      2         0      
       int09.asm.obj                0      2         0      
       int11.asm.obj                0      2         0      
       int12.asm.obj                0      2         0      
       int13.asm.obj                0      2         0      
       int14.asm.obj                0      2         0      
       startup.c.obj                2      0         0      
    +--+----------------------------+------+---------+---------+
       Total:                       472    26        0      
                                                            
       Stack:                       0      0         80     
       Linker Generated:            0      24        0      
    +--+----------------------------+------+---------+---------+
       Grand Total:                 3302   126       112    


LINKER GENERATED COPY TABLES

__TI_cinit_table @ 0000cd40 records: 2, size/record: 4, table size: 8
	.data: load addr=0000cd30, load size=00000006 bytes, run addr=0000021e, run size=00000002 bytes, compression=copy
	.bss: load addr=0000cd3c, load size=00000004 bytes, run addr=00000200, run size=0000001e bytes, compression=zero_init


LINKER GENERATED HANDLER TABLE

__TI_handler_table @ 0000cd36 records: 3, size/record: 2, table size: 6
	index: 0, handler: __TI_zero_init
	index: 1, handler: __TI_decompress_lzss
	index: 2, handler: __TI_decompress_none


GLOBAL SYMBOLS: SORTED ALPHABETICALLY BY Name 

address   name                          
-------   ----                          
0000004a  ADC10AE0                      
000001b0  ADC10CTL0                     
000001b2  ADC10CTL1                     
00000048  ADC10DTC0                     
00000049  ADC10DTC1                     
000001b4  ADC10MEM                      
000001bc  ADC10SA                       
00000057  BCSCTL1                       
00000058  BCSCTL2                       
00000053  BCSCTL3                       
0000ccda  C$$EXIT                       
00000059  CACTL1                        
0000005a  CACTL2                        
000010fb  CALBC1_12MHZ                  
000010f9  CALBC1_16MHZ                  
000010ff  CALBC1_1MHZ                   
000010fd  CALBC1_8MHZ                   
000010fa  CALDCO_12MHZ                  
000010f8  CALDCO_16MHZ                  
000010fe  CALDCO_1MHZ                   
000010fc  CALDCO_8MHZ                   
0000005b  CAPD                          
00000056  DCOCTL                        
0000c918  Dominant_Element              
00000128  FCTL1                         
0000012a  FCTL2                         
0000012c  FCTL3                         
00000000  IE1                           
00000001  IE2                           
00000002  IFG1                          
00000003  IFG2                          
00000022  P1DIR                         
00000025  P1IE                          
00000024  P1IES                         
00000023  P1IFG                         
00000020  P1IN                          
00000021  P1OUT                         
00000027  P1REN                         
00000026  P1SEL                         
00000041  P1SEL2                        
0000002a  P2DIR                         
0000002d  P2IE                          
0000002c  P2IES                         
0000002b  P2IFG                         
00000028  P2IN                          
00000029  P2OUT                         
0000002f  P2REN                         
0000002e  P2SEL                         
00000042  P2SEL2                        
0000001a  P3DIR                         
00000018  P3IN                          
00000019  P3OUT                         
00000010  P3REN                         
0000001b  P3SEL                         
00000043  P3SEL2                        
00000172  TA0CCR0                       
00000174  TA0CCR1                       
00000176  TA0CCR2                       
00000162  TA0CCTL0                      
00000164  TA0CCTL1                      
00000166  TA0CCTL2                      
00000160  TA0CTL                        
0000012e  TA0IV                         
00000170  TA0R                          
00000192  TA1CCR0                       
00000194  TA1CCR1                       
00000196  TA1CCR2                       
00000182  TA1CCTL0                      
00000184  TA1CCTL1                      
00000186  TA1CCTL2                      
00000180  TA1CTL                        
0000011e  TA1IV                         
00000190  TA1R                          
0000cb9a  TI_CAPT_Buttons               
0000c000  TI_CAPT_Custom                
0000cc9c  TI_CAPT_Init_Baseline         
0000ccbc  TI_CAPT_Raw                   
0000c626  TI_CAPT_Slider                
0000ca64  TI_CAPT_Update_Baseline       
0000c7e4  TI_CTS_RO_PINOSC_TA0_WDTp_HAL 
000010db  TLV_ADC10_1_LEN               
000010da  TLV_ADC10_1_TAG               
000010c0  TLV_CHECKSUM                  
000010f7  TLV_DCO_30_LEN                
000010f6  TLV_DCO_30_TAG                
0000005d  UCA0ABCTL                     
00000062  UCA0BR0                       
00000063  UCA0BR1                       
00000060  UCA0CTL0                      
00000061  UCA0CTL1                      
0000005f  UCA0IRRCTL                    
0000005e  UCA0IRTCTL                    
00000064  UCA0MCTL                      
00000066  UCA0RXBUF                     
00000065  UCA0STAT                      
00000067  UCA0TXBUF                     
0000006a  UCB0BR0                       
0000006b  UCB0BR1                       
00000068  UCB0CTL0                      
00000069  UCB0CTL1                      
0000006c  UCB0I2CIE                     
00000118  UCB0I2COA                     
0000011a  UCB0I2CSA                     
0000006e  UCB0RXBUF                     
0000006d  UCB0STAT                      
0000006f  UCB0TXBUF                     
00000120  WDTCTL                        
00000400  __STACK_END                   
00000050  __STACK_SIZE                  
0000cd40  __TI_CINIT_Base               
0000cd48  __TI_CINIT_Limit              
0000cd36  __TI_Handler_Table_Base       
0000cd3c  __TI_Handler_Table_Limit      
0000ccca  __TI_ISR_TRAP                 
0000cb58  __TI_auto_init_nobinit_nopinit
0000c9e8  __TI_decompress_lzss          
0000cc78  __TI_decompress_none          
0000ffe0  __TI_int00                    
0000ffe4  __TI_int02                    
0000ffe6  __TI_int03                    
0000ffea  __TI_int05                    
0000ffec  __TI_int06                    
0000ffee  __TI_int07                    
0000fff0  __TI_int08                    
0000fff2  __TI_int09                    
0000fff4  __TI_int10                    
0000fff6  __TI_int11                    
0000fff8  __TI_int12                    
0000fffa  __TI_int13                    
0000fffc  __TI_int14                    
ffffffff  __TI_pprof_out_hndl           
ffffffff  __TI_prof_data_size           
ffffffff  __TI_prof_data_start          
0000cc50  __TI_zero_init_nomemset       
ffffffff  __c_args__                    
0000cc3a  __mspabi_divu                 
0000ccb8  __mspabi_func_epilog_1        
0000ccb6  __mspabi_func_epilog_2        
0000ccb4  __mspabi_func_epilog_3        
0000ccb2  __mspabi_func_epilog_4        
0000ccb0  __mspabi_func_epilog_5        
0000ccae  __mspabi_func_epilog_6        
0000ccac  __mspabi_func_epilog_7        
0000cc64  __mspabi_mpyi                 
0000cc64  __mspabi_mpyi_sw              
0000cc3a  __mspabi_remu                 
0000cbd2  __mspabi_slli                 
0000cbfa  __mspabi_slli_1               
0000cbe8  __mspabi_slli_10              
0000cbe6  __mspabi_slli_11              
0000cbe4  __mspabi_slli_12              
0000cbe2  __mspabi_slli_13              
0000cbe0  __mspabi_slli_14              
0000cbde  __mspabi_slli_15              
0000cbf8  __mspabi_slli_2               
0000cbf6  __mspabi_slli_3               
0000cbf4  __mspabi_slli_4               
0000cbf2  __mspabi_slli_5               
0000cbf0  __mspabi_slli_6               
0000cbee  __mspabi_slli_7               
0000cbec  __mspabi_slli_8               
0000cbea  __mspabi_slli_9               
0000cac6  __mspabi_srli                 
0000cb0c  __mspabi_srli_1               
0000cae8  __mspabi_srli_10              
0000cae4  __mspabi_srli_11              
0000cae0  __mspabi_srli_12              
0000cadc  __mspabi_srli_13              
0000cad8  __mspabi_srli_14              
0000cad4  __mspabi_srli_15              
0000cb08  __mspabi_srli_2               
0000cb04  __mspabi_srli_3               
0000cb00  __mspabi_srli_4               
0000cafc  __mspabi_srli_5               
0000caf8  __mspabi_srli_6               
0000caf4  __mspabi_srli_7               
0000caf0  __mspabi_srli_8               
0000caec  __mspabi_srli_9               
0000cc1e  _c_int00_noargs               
0000fffe  _reset_vector                 
000003b0  _stack                        
0000cce4  _system_post_cinit            
0000cce0  _system_pre_init              
0000ccda  abort                         
0000020a  baseCnt                       
0000021e  ctsStatusReg                  
0000021a  keyPressed                    
0000cd08  left_element                  
0000c40c  main                          
00000212  measCnt                       
0000cc8a  memcpy                        
0000cd12  middle_element                
0000cce6  one_button                    
0000021c  position2                     
0000cbfe  print                         
0000cb12  printNumber                   
00000200  raw_data                      
0000cd1c  right_element                 
0000cd26  up_element                    
0000ccd2  watchdog_timer                


GLOBAL SYMBOLS: SORTED BY Symbol Address 

address   name                          
-------   ----                          
00000000  IE1                           
00000001  IE2                           
00000002  IFG1                          
00000003  IFG2                          
00000010  P3REN                         
00000018  P3IN                          
00000019  P3OUT                         
0000001a  P3DIR                         
0000001b  P3SEL                         
00000020  P1IN                          
00000021  P1OUT                         
00000022  P1DIR                         
00000023  P1IFG                         
00000024  P1IES                         
00000025  P1IE                          
00000026  P1SEL                         
00000027  P1REN                         
00000028  P2IN                          
00000029  P2OUT                         
0000002a  P2DIR                         
0000002b  P2IFG                         
0000002c  P2IES                         
0000002d  P2IE                          
0000002e  P2SEL                         
0000002f  P2REN                         
00000041  P1SEL2                        
00000042  P2SEL2                        
00000043  P3SEL2                        
00000048  ADC10DTC0                     
00000049  ADC10DTC1                     
0000004a  ADC10AE0                      
00000050  __STACK_SIZE                  
00000053  BCSCTL3                       
00000056  DCOCTL                        
00000057  BCSCTL1                       
00000058  BCSCTL2                       
00000059  CACTL1                        
0000005a  CACTL2                        
0000005b  CAPD                          
0000005d  UCA0ABCTL                     
0000005e  UCA0IRTCTL                    
0000005f  UCA0IRRCTL                    
00000060  UCA0CTL0                      
00000061  UCA0CTL1                      
00000062  UCA0BR0                       
00000063  UCA0BR1                       
00000064  UCA0MCTL                      
00000065  UCA0STAT                      
00000066  UCA0RXBUF                     
00000067  UCA0TXBUF                     
00000068  UCB0CTL0                      
00000069  UCB0CTL1                      
0000006a  UCB0BR0                       
0000006b  UCB0BR1                       
0000006c  UCB0I2CIE                     
0000006d  UCB0STAT                      
0000006e  UCB0RXBUF                     
0000006f  UCB0TXBUF                     
00000118  UCB0I2COA                     
0000011a  UCB0I2CSA                     
0000011e  TA1IV                         
00000120  WDTCTL                        
00000128  FCTL1                         
0000012a  FCTL2                         
0000012c  FCTL3                         
0000012e  TA0IV                         
00000160  TA0CTL                        
00000162  TA0CCTL0                      
00000164  TA0CCTL1                      
00000166  TA0CCTL2                      
00000170  TA0R                          
00000172  TA0CCR0                       
00000174  TA0CCR1                       
00000176  TA0CCR2                       
00000180  TA1CTL                        
00000182  TA1CCTL0                      
00000184  TA1CCTL1                      
00000186  TA1CCTL2                      
00000190  TA1R                          
00000192  TA1CCR0                       
00000194  TA1CCR1                       
00000196  TA1CCR2                       
000001b0  ADC10CTL0                     
000001b2  ADC10CTL1                     
000001b4  ADC10MEM                      
000001bc  ADC10SA                       
00000200  raw_data                      
0000020a  baseCnt                       
00000212  measCnt                       
0000021a  keyPressed                    
0000021c  position2                     
0000021e  ctsStatusReg                  
000003b0  _stack                        
00000400  __STACK_END                   
000010c0  TLV_CHECKSUM                  
000010da  TLV_ADC10_1_TAG               
000010db  TLV_ADC10_1_LEN               
000010f6  TLV_DCO_30_TAG                
000010f7  TLV_DCO_30_LEN                
000010f8  CALDCO_16MHZ                  
000010f9  CALBC1_16MHZ                  
000010fa  CALDCO_12MHZ                  
000010fb  CALBC1_12MHZ                  
000010fc  CALDCO_8MHZ                   
000010fd  CALBC1_8MHZ                   
000010fe  CALDCO_1MHZ                   
000010ff  CALBC1_1MHZ                   
0000c000  TI_CAPT_Custom                
0000c40c  main                          
0000c626  TI_CAPT_Slider                
0000c7e4  TI_CTS_RO_PINOSC_TA0_WDTp_HAL 
0000c918  Dominant_Element              
0000c9e8  __TI_decompress_lzss          
0000ca64  TI_CAPT_Update_Baseline       
0000cac6  __mspabi_srli                 
0000cad4  __mspabi_srli_15              
0000cad8  __mspabi_srli_14              
0000cadc  __mspabi_srli_13              
0000cae0  __mspabi_srli_12              
0000cae4  __mspabi_srli_11              
0000cae8  __mspabi_srli_10              
0000caec  __mspabi_srli_9               
0000caf0  __mspabi_srli_8               
0000caf4  __mspabi_srli_7               
0000caf8  __mspabi_srli_6               
0000cafc  __mspabi_srli_5               
0000cb00  __mspabi_srli_4               
0000cb04  __mspabi_srli_3               
0000cb08  __mspabi_srli_2               
0000cb0c  __mspabi_srli_1               
0000cb12  printNumber                   
0000cb58  __TI_auto_init_nobinit_nopinit
0000cb9a  TI_CAPT_Buttons               
0000cbd2  __mspabi_slli                 
0000cbde  __mspabi_slli_15              
0000cbe0  __mspabi_slli_14              
0000cbe2  __mspabi_slli_13              
0000cbe4  __mspabi_slli_12              
0000cbe6  __mspabi_slli_11              
0000cbe8  __mspabi_slli_10              
0000cbea  __mspabi_slli_9               
0000cbec  __mspabi_slli_8               
0000cbee  __mspabi_slli_7               
0000cbf0  __mspabi_slli_6               
0000cbf2  __mspabi_slli_5               
0000cbf4  __mspabi_slli_4               
0000cbf6  __mspabi_slli_3               
0000cbf8  __mspabi_slli_2               
0000cbfa  __mspabi_slli_1               
0000cbfe  print                         
0000cc1e  _c_int00_noargs               
0000cc3a  __mspabi_divu                 
0000cc3a  __mspabi_remu                 
0000cc50  __TI_zero_init_nomemset       
0000cc64  __mspabi_mpyi                 
0000cc64  __mspabi_mpyi_sw              
0000cc78  __TI_decompress_none          
0000cc8a  memcpy                        
0000cc9c  TI_CAPT_Init_Baseline         
0000ccac  __mspabi_func_epilog_7        
0000ccae  __mspabi_func_epilog_6        
0000ccb0  __mspabi_func_epilog_5        
0000ccb2  __mspabi_func_epilog_4        
0000ccb4  __mspabi_func_epilog_3        
0000ccb6  __mspabi_func_epilog_2        
0000ccb8  __mspabi_func_epilog_1        
0000ccbc  TI_CAPT_Raw                   
0000ccca  __TI_ISR_TRAP                 
0000ccd2  watchdog_timer                
0000ccda  C$$EXIT                       
0000ccda  abort                         
0000cce0  _system_pre_init              
0000cce4  _system_post_cinit            
0000cce6  one_button                    
0000cd08  left_element                  
0000cd12  middle_element                
0000cd1c  right_element                 
0000cd26  up_element                    
0000cd36  __TI_Handler_Table_Base       
0000cd3c  __TI_Handler_Table_Limit      
0000cd40  __TI_CINIT_Base               
0000cd48  __TI_CINIT_Limit              
0000ffe0  __TI_int00                    
0000ffe4  __TI_int02                    
0000ffe6  __TI_int03                    
0000ffea  __TI_int05                    
0000ffec  __TI_int06                    
0000ffee  __TI_int07                    
0000fff0  __TI_int08                    
0000fff2  __TI_int09                    
0000fff4  __TI_int10                    
0000fff6  __TI_int11                    
0000fff8  __TI_int12                    
0000fffa  __TI_int13                    
0000fffc  __TI_int14                    
0000fffe  _reset_vector                 
ffffffff  __TI_pprof_out_hndl           
ffffffff  __TI_prof_data_size           
ffffffff  __TI_prof_data_start          
ffffffff  __c_args__                    

[200 symbols]
